::1 - - [10/Aug/2026 15:42:38] "GET / HTTP/1.1" 200 -
::1 - - [10/Aug/2026 15:42:38] "GET /_next/static/chunks/framework-BgSIrAUN.js HTTP/1.1" 200 -
::1 - - [10/Aug/2026 15:42:38] "GET /_next/static/chunks/index-BICM4xhK.js HTTP/1.1" 200 -
::1 - - [10/Aug/2026 15:42:38] "GET /_next/static/chunks/rolldown-runtime-C60lm6uB.js HTTP/1.1" 200 -
::1 - - [10/Aug/2026 15:42:38] "GET /_next/static/chunks/GesTurnoSite-DbsO89Q6.js HTTP/1.1" 200 -
::1 - - [10/Aug/2026 15:42:38] "GET /_next/static/chunks/layout-segment-context-CQeV38-F.js HTTP/1.1" 200 -
::1 - - [10/Aug/2026 15:42:38] "GET /_next/static/css/index.BDkgCx-Z.css HTTP/1.1" 200 -
::1 - - [10/Aug/2026 15:42:38] "GET /gesturno-header-gc.png HTTP/1.1" 200 -
::1 - - [10/Aug/2026 15:42:38] "GET /gesturno-icon.webp HTTP/1.1" 200 -
::1 - - [10/Aug/2026 15:42:45] "GET /privacy HTTP/1.1" 301 -
::1 - - [10/Aug/2026 15:42:45] "GET /privacy/ HTTP/1.1" 200 -
::1 - - [10/Aug/2026 15:42:51] "GET /app-ads.txt HTTP/1.1" 200 -
::1 - - [10/Aug/2026 15:42:57] "GET / HTTP/1.1" 200 -
::1 - - [10/Aug/2026 15:42:57] "GET /guide/ HTTP/1.1" 200 -
::1 - - [10/Aug/2026 15:42:57] "GET /privacy/ HTTP/1.1" 200 -
::1 - - [10/Aug/2026 15:42:57] "GET /terms/ HTTP/1.1" 200 -
::1 - - [10/Aug/2026 15:42:57] "GET /data-deletion/ HTTP/1.1" 200 -
::1 - - [10/Aug/2026 15:42:57] "GET /privacy.html HTTP/1.1" 200 -
::1 - - [10/Aug/2026 15:42:57] "GET /terms.html HTTP/1.1" 200 -
::1 - - [10/Aug/2026 15:42:57] "GET /data-deletion.html HTTP/1.1" 200 -
::1 - - [10/Aug/2026 15:42:57] "GET /app-ads.txt HTTP/1.1" 200 -
::1 - - [10/Aug/2026 15:44:51] "GET / HTTP/1.1" 304 -
::1 - - [10/Aug/2026 15:44:51] "GET /_next/static/css/index.BDkgCx-Z.css HTTP/1.1" 304 -
::1 - - [10/Aug/2026 15:44:51] "GET /_next/static/chunks/framework-BgSIrAUN.js HTTP/1.1" 304 -
::1 - - [10/Aug/2026 15:44:51] "GET /_next/static/chunks/layout-segment-context-CQeV38-F.js HTTP/1.1" 304 -
::1 - - [10/Aug/2026 15:44:51] "GET /_next/static/chunks/index-BICM4xhK.js HTTP/1.1" 304 -
::1 - - [10/Aug/2026 15:44:51] "GET /_next/static/chunks/rolldown-runtime-C60lm6uB.js HTTP/1.1" 304 -
::1 - - [10/Aug/2026 15:44:51] "GET /_next/static/chunks/GesTurnoSite-DbsO89Q6.js HTTP/1.1" 304 -
::1 - - [10/Aug/2026 15:45:16] "GET /guide HTTP/1.1" 301 -
::1 - - [10/Aug/2026 15:45:16] "GET /guide/ HTTP/1.1" 200 -
